../Core/Src/main.c:75:5:main	16	static
../Core/Src/main.c:147:6:SystemClock_Config	128	static
../Core/Src/main.c:194:13:MX_ADC1_Init	48	static
../Core/Src/main.c:260:13:MX_TIM6_Init	24	static
../Core/Src/main.c:298:13:MX_USART1_UART_Init	8	static
../Core/Src/main.c:331:13:MX_DMA_Init	16	static
../Core/Src/main.c:349:13:MX_GPIO_Init	16	static
../Core/Src/main.c:371:6:HAL_TIM_PeriodElapsedCallback	16	static
../Core/Src/main.c:384:6:HAL_ADC_ConvCpltCallback	16	static
../Core/Src/main.c:400:6:Error_Handler	4	static,ignoring_inline_asm
